// Jest Snapshot v1, https://goo.gl/fbAQLP

exports[`MirrorTeaserModal matches the visible-state snapshot 1`] = `
{
  "children": [
    {
      "children": [
        {
          "children": null,
          "props": {
            "accessibilityState": {
              "busy": undefined,
              "checked": undefined,
              "disabled": undefined,
              "expanded": undefined,
              "selected": undefined,
            },
            "accessibilityValue": {
              "max": undefined,
              "min": undefined,
              "now": undefined,
              "text": undefined,
            },
            "accessible": false,
            "collapsable": false,
            "focusable": true,
            "importantForAccessibility": "no-hide-descendants",
            "onBlur": [Function],
            "onClick": [Function],
            "onFocus": [Function],
            "onResponderGrant": [Function],
            "onResponderMove": [Function],
            "onResponderRelease": [Function],
            "onResponderTerminate": [Function],
            "onResponderTerminationRequest": [Function],
            "onStartShouldSetResponder": [Function],
            "style": {
              "backgroundColor": "rgba(0,0,0,0.78)",
              "bottom": 0,
              "left": 0,
              "position": "absolute",
              "right": 0,
              "top": 0,
            },
          },
          "type": "View",
        },
        {
          "children": [
            {
              "children": [
                {
                  "children": [
                    {
                      "children": null,
                      "props": {
                        "resizeMode": "contain",
                        "source": {
                          "testUri": "../../../assets/onboarding/teaser-mirror.png",
                        },
                        "style": {
                          "height": "100%",
                          "width": "100%",
                        },
                      },
                      "type": "Image",
                    },
                    {
                      "children": null,
                      "props": {
                        "colors": [
                          0,
                          1493172224,
                        ],
                        "dither": undefined,
                        "endPoint": undefined,
                        "locations": undefined,
                        "pointerEvents": "none",
                        "startPoint": undefined,
                        "style": {
                          "bottom": 0,
                          "height": "35%",
                          "left": 0,
                          "position": "absolute",
                          "right": 0,
                        },
                      },
                      "type": "ViewManagerAdapter_ExpoLinearGradient",
                    },
                  ],
                  "props": {
                    "accessibilityLabel": "Mirror mode hero illustration",
                    "accessibilityRole": "image",
                    "accessible": true,
                    "style": {
                      "aspectRatio": 1,
                      "overflow": "hidden",
                      "position": "relative",
                      "width": "100%",
                    },
                  },
                  "type": "View",
                },
                {
                  "children": [
                    {
                      "children": [
                        "Same code. Solo race.",
                      ],
                      "props": {
                        "accessibilityRole": "header",
                        "style": {
                          "color": "#f5f5f7",
                          "fontFamily": "ChakraPetch-Bold",
                          "fontSize": 26,
                          "letterSpacing": -0.4,
                          "textAlign": "center",
                        },
                      },
                      "type": "Text",
                    },
                    {
                      "children": [
                        "First to crack wins. Speed matters more than precision.",
                      ],
                      "props": {
                        "style": {
                          "color": "#a1a1b5",
                          "fontFamily": "Inter-Regular",
                          "fontSize": 14,
                          "lineHeight": 20,
                          "marginTop": 10,
                          "textAlign": "center",
                        },
                      },
                      "type": "Text",
                    },
                    {
                      "children": [
                        "Try it now — we've got 50 tokens for you.",
                      ],
                      "props": {
                        "style": {
                          "color": "#fbbf24",
                          "fontFamily": "Inter-SemiBold",
                          "fontSize": 11,
                          "letterSpacing": 1.2,
                          "marginTop": 12,
                          "textAlign": "center",
                          "textTransform": "uppercase",
                        },
                      },
                      "type": "Text",
                    },
                  ],
                  "props": {
                    "style": {
                      "alignItems": "center",
                      "paddingHorizontal": 22,
                      "paddingTop": 22,
                    },
                  },
                  "type": "View",
                },
                {
                  "children": [
                    {
                      "children": [
                        {
                          "children": [
                            {
                              "children": [
                                "Try Mirror →",
                              ],
                              "props": {
                                "numberOfLines": 1,
                                "style": [
                                  {
                                    "fontFamily": "Inter-SemiBold",
                                    "fontWeight": "600",
                                    "letterSpacing": 1.12,
                                    "textTransform": "uppercase",
                                  },
                                  {
                                    "color": "#ffffff",
                                    "fontSize": 15,
                                  },
                                ],
                              },
                              "type": "Text",
                            },
                          ],
                          "props": {
                            "style": {
                              "alignItems": "center",
                              "flexDirection": "row",
                              "gap": 8,
                            },
                          },
                          "type": "View",
                        },
                      ],
                      "props": {
                        "colors": [
                          4287323382,
                          4285343961,
                        ],
                        "dither": undefined,
                        "endPoint": [
                          0.5,
                          1,
                        ],
                        "locations": undefined,
                        "startPoint": [
                          0.5,
                          0,
                        ],
                        "style": [
                          {
                            "alignItems": "center",
                            "borderRadius": 16,
                            "justifyContent": "center",
                            "overflow": "hidden",
                          },
                          {
                            "borderColor": "rgba(139,92,246,0.8)",
                            "borderWidth": 1,
                            "height": 56,
                            "paddingHorizontal": 24,
                          },
                        ],
                      },
                      "type": "ViewManagerAdapter_ExpoLinearGradient",
                    },
                  ],
                  "props": {
                    "accessibilityRole": "button",
                    "accessibilityState": {
                      "busy": undefined,
                      "checked": undefined,
                      "disabled": false,
                      "expanded": undefined,
                      "selected": undefined,
                    },
                    "accessibilityValue": {
                      "max": undefined,
                      "min": undefined,
                      "now": undefined,
                      "text": undefined,
                    },
                    "accessible": true,
                    "collapsable": false,
                    "focusable": true,
                    "onBlur": [Function],
                    "onClick": [Function],
                    "onFocus": [Function],
                    "onResponderGrant": [Function],
                    "onResponderMove": [Function],
                    "onResponderRelease": [Function],
                    "onResponderTerminate": [Function],
                    "onResponderTerminationRequest": [Function],
                    "onStartShouldSetResponder": [Function],
                    "style": [
                      {
                        "alignSelf": "stretch",
                        "borderRadius": 16,
                        "overflow": "visible",
                      },
                      {
                        "shadowColor": "rgba(139,92,246,0.45)",
                        "shadowOffset": {
                          "height": 4,
                          "width": 0,
                        },
                        "shadowOpacity": 1,
                        "shadowRadius": 20,
                      },
                      null,
                      null,
                      null,
                      {
                        "marginHorizontal": 18,
                        "marginTop": 18,
                      },
                    ],
                  },
                  "type": "View",
                },
              ],
              "props": {
                "accessibilityLabel": "Same code. Solo race. First to crack wins. Speed matters more than precision.",
                "accessibilityViewIsModal": true,
                "accessible": true,
                "style": {
                  "backgroundColor": "#15172e",
                  "borderColor": "#2a2c54",
                  "borderRadius": 24,
                  "borderWidth": 1,
                  "overflow": "hidden",
                  "paddingBottom": 18,
                  "width": "100%",
                },
              },
              "type": "View",
            },
          ],
          "props": {
            "pointerEvents": "box-none",
            "style": [
              {
                "flex": 1,
                "justifyContent": "center",
                "paddingHorizontal": 24,
              },
              {
                "paddingBottom": 58,
                "paddingTop": 104,
              },
            ],
          },
          "type": "View",
        },
        {
          "children": [
            {
              "children": [
                "Skip",
              ],
              "props": {
                "style": {
                  "color": "#ffffff",
                  "fontFamily": "Inter-SemiBold",
                  "fontSize": 12,
                  "letterSpacing": 1.1,
                  "opacity": 0.85,
                  "textTransform": "uppercase",
                },
              },
              "type": "Text",
            },
          ],
          "props": {
            "accessibilityLabel": "Skip Mirror teaser",
            "accessibilityRole": "button",
            "accessibilityState": {
              "busy": undefined,
              "checked": undefined,
              "disabled": undefined,
              "expanded": undefined,
              "selected": undefined,
            },
            "accessibilityValue": {
              "max": undefined,
              "min": undefined,
              "now": undefined,
              "text": undefined,
            },
            "accessible": true,
            "collapsable": false,
            "focusable": true,
            "onBlur": [Function],
            "onClick": [Function],
            "onFocus": [Function],
            "onResponderGrant": [Function],
            "onResponderMove": [Function],
            "onResponderRelease": [Function],
            "onResponderTerminate": [Function],
            "onResponderTerminationRequest": [Function],
            "onStartShouldSetResponder": [Function],
            "style": [
              {
                "borderRadius": 10,
                "elevation": 12,
                "paddingHorizontal": 12,
                "paddingVertical": 6,
                "position": "absolute",
                "right": 12,
                "zIndex": 100,
              },
              {
                "top": 58,
              },
              false,
            ],
            "testID": "mirror-teaser-skip",
          },
          "type": "View",
        },
      ],
      "props": {
        "accessibilityRole": "alert",
        "pointerEvents": "box-none",
        "style": {
          "bottom": 0,
          "left": 0,
          "position": "absolute",
          "right": 0,
          "top": 0,
        },
        "testID": "mirror-teaser-modal",
      },
      "type": "View",
    },
  ],
  "props": {
    "onInsetsChange": [Function],
    "style": [
      {
        "flex": 1,
      },
      undefined,
    ],
  },
  "type": "RNCSafeAreaProvider",
}
`;
