// Jest Snapshot v1, https://goo.gl/fbAQLP

exports[`OpponentCard snapshots the active variant 1`] = `
<View
  style={
    [
      {
        "alignItems": "center",
        "backgroundColor": "#15172e",
        "borderColor": "#2a2c54",
        "borderRadius": 14,
        "borderWidth": 1.5,
        "flexDirection": "row",
        "gap": 10,
        "padding": 12,
      },
      {
        "borderColor": "#8b5cf6",
      },
      {
        "shadowColor": "#8b5cf6",
        "shadowOffset": {
          "height": 0,
          "width": 0,
        },
        "shadowOpacity": 0.35,
        "shadowRadius": 18,
      },
    ]
  }
>
  <View
    style={
      [
        {
          "alignSelf": "flex-start",
        },
        undefined,
        {
          "borderRadius": 17,
          "height": 34,
          "shadowColor": "#047857",
          "shadowOffset": {
            "height": 2,
            "width": 0,
          },
          "shadowOpacity": 0.5,
          "shadowRadius": 10,
          "width": 34,
        },
      ]
    }
  >
    <ViewManagerAdapter_ExpoLinearGradient
      colors={
        [
          4281652121,
          4278483031,
        ]
      }
      endPoint={
        [
          1,
          1,
        ]
      }
      startPoint={
        [
          0,
          0,
        ]
      }
      style={
        [
          {
            "alignItems": "center",
            "justifyContent": "center",
          },
          {
            "borderRadius": 17,
            "height": 34,
            "width": 34,
          },
        ]
      }
    >
      <Text
        accessibilityLabel="Nova"
        style={
          [
            {
              "color": "#ffffff",
              "fontFamily": "ChakraPetch-Bold",
              "fontWeight": "700",
            },
            {
              "fontSize": 14,
              "textShadowColor": "rgba(255,255,255,0.2)",
            },
          ]
        }
      >
        N
      </Text>
    </ViewManagerAdapter_ExpoLinearGradient>
  </View>
  <View
    style={
      {
        "flex": 1,
        "minWidth": 0,
      }
    }
  >
    <Text
      numberOfLines={1}
      style={
        {
          "color": "#f5f5f7",
          "fontFamily": "Inter-SemiBold",
          "fontSize": 12,
        }
      }
    >
      Nova
    </Text>
    <View
      style={
        {
          "alignItems": "center",
          "flexDirection": "row",
          "gap": 6,
          "marginTop": 2,
        }
      }
    >
      <Text
        style={
          {
            "color": "#a1a1b5",
            "fontFamily": "Inter-Regular",
            "fontSize": 10,
            "letterSpacing": 0.6,
          }
        }
      >
        Lv. 
        12
      </Text>
    </View>
  </View>
</View>
`;
